package dummy

import (
	"fmt"
)

func main() {
	fmt.Println("printed")
}
