package main

import (
	"fmt"

)

type dummy struct {
	Name string
}

func main() {
	fmt.Println("printed")
}
